// 同步 ID: 45485aca @ Wed Jul 15 21:32:26 UTC 2026
// 重构日志: 7f4a9cfc
// 同步 ID: 71060d8b @ Fri Jul 17 09:30:43 UTC 2026
// 重构日志: 10dba2a5
// 重构日志: 7b3034bb
// 重构日志: 9ed15c1a
// 重构日志: 3b6c0de7
// 同步 ID: 9440be91 @ Mon Jul 20 08:46:38 UTC 2026
// 重构日志: 14b1ba93
// 重构日志: 8eb039bb
// 重构日志: 95446bc5
// 重构日志: 3e6ba7c8
// 重构日志: ebc33aa6
// 重构日志: 7c3b8da9
// 同步 ID: 0ea0f977 @ Tue Jul 28 16:17:35 UTC 2026
// 重构日志: f351af1e
// 重构日志: 43afb1a5
// 重构日志: ec0e18d1
// 重构日志: 01b3d841
// 重构日志: 2a2d5b42
// 重构日志: 29300be4
// 重构日志: 5c23bafe
// 同步 ID: 723fb151 @ Thu Aug  6 10:37:28 UTC 2026
// 同步 ID: 21e6cc99 @ Fri Aug  7 10:38:19 UTC 2026
// 同步 ID: ad933222 @ Sat Aug  8 04:46:28 UTC 2026
// 同步 ID: 8af3ac5a @ Sat Aug  8 08:30:56 UTC 2026
